{"synthetic": false,
 "schemaVersion": "2025-09-10",
 "outputs":
 {"o": ["91f1768e84a21a55.olean"],
  "m": false,
  "i": "d599edcc45b1ab97.ilean",
  "c": "73768b5284f83d66.c"},
 "log":
 [{"message":
   ".> LEAN_PATH=/Users/aviavni/repos/FalkorDB-wt/proofs-pr/proofs/pr2845_review/.lake/build/lib/lean /Users/aviavni/.elan/toolchains/leanprover--lean4---v4.34.0/bin/lean /Users/aviavni/repos/FalkorDB-wt/proofs-pr/proofs/pr2845_review/Pr2845Review.lean -o /Users/aviavni/repos/FalkorDB-wt/proofs-pr/proofs/pr2845_review/.lake/build/lib/lean/Pr2845Review.olean -i /Users/aviavni/repos/FalkorDB-wt/proofs-pr/proofs/pr2845_review/.lake/build/lib/lean/Pr2845Review.ilean -c /Users/aviavni/repos/FalkorDB-wt/proofs-pr/proofs/pr2845_review/.lake/build/ir/Pr2845Review.c --setup /Users/aviavni/repos/FalkorDB-wt/proofs-pr/proofs/pr2845_review/.lake/build/ir/Pr2845Review.setup.json --json",
   "level": "trace"}],
 "inputs":
 [["deps",
   [["«pr2845-review»/Pr2845Review:extraDep",
     [["@«pr2845-review»:extraDep", "00000000000006bb"]]],
    ["imports",
     [["Pr2845Review.Binder transitive imports (legacy)", "00000000000006bb"],
      ["Pr2845Review.Binder:importAllArts", "9bc5d6e941876492"],
      ["Pr2845Review.Row transitive imports (legacy)", "38852e44a58d2c35"],
      ["Pr2845Review.Row:importAllArts", "3e7b1bfdf9040d31"],
      ["Pr2845Review.Optimizer transitive imports (legacy)",
       "8804eeefacbb0ecd"],
      ["Pr2845Review.Optimizer:importAllArts", "490e6c093f6fcade"],
      ["Pr2845Review.Batch transitive imports (legacy)", "00000000000006bb"],
      ["Pr2845Review.Batch:importAllArts", "9655fbae2f298809"]]]]],
  ["libs",
   [["import dynlibs", "00000000000006bb"],
    ["package external libraries", "00000000000006bb"],
    ["module dynlibs", "00000000000006bb"],
    ["module plugins", "00000000000006bb"]]],
  ["Lean 4.34.0, commit 293d5d0c0c3f3dded4688b3ccd6a33939ac5102b",
   "a1c6c7aa3e9abfe7"],
  ["/Users/aviavni/repos/FalkorDB-wt/proofs-pr/proofs/pr2845_review/Pr2845Review.lean",
   "b3172e1c7f3a698e"],
  ["options", "00000000000006bb"],
  ["isModule: false", "feefd2a0d3a1847e"],
  ["Module.name: Pr2845Review", "760298ba6932062a"],
  ["Package.id?: (some pr2845-review)", "9a51612c439adf66"],
  ["Module.leanArgs: #[]", "00000000000006bb"]],
 "depHash": "a97ee5ed70724529"}